<html>
<body>
<pre>
<h1>µVision Build Log</h1>
<h2>Tool Versions:</h2>
IDE-Version: ¦ÌVision V5.21.1.0
Copyright (C) 2016 ARM Ltd and ARM Germany GmbH. All rights reserved.
License Information: . ., ., LIC=ATTNN-YEV9W-SAEDJ-UMD76-63JTC-ZFMJ9
 
Tool Versions:
Toolchain:       MDK-ARM Plus  Version: 5.21a
Toolchain Path:  E:\Keil_v5\ARM\ARMCC\Bin
C Compiler:      Armcc.exe V5.06 update 3 (build 300)
Assembler:       Armasm.exe V5.06 update 3 (build 300)
Linker/Locator:  ArmLink.exe V5.06 update 3 (build 300)
Library Manager: ArmAr.exe V5.06 update 3 (build 300)
Hex Converter:   FromElf.exe V5.06 update 3 (build 300)
CPU DLL:         SARMCM3.DLL V5.21a
Dialog DLL:      DARMSTM.DLL V1.66.0.1
Target DLL:      Segger\JL2CM3.dll V2.99.23.0
Dialog DLL:      TARMSTM.DLL V1.65.0.0
 
<h2>Project:</h2>
C:\Users\Stxr\Desktop\FINAL\USER\Template.uvprojx
Project File Date:  03/10/2017

<h2>Output:</h2>
*** Using Compiler 'V5.06 update 3 (build 300)', folder: 'E:\Keil_v5\ARM\ARMCC\Bin'
Build target 'Target 1'
compiling stm32f10x_it.c...
compiling system_stm32f10x.c...
compiling led.c...
compiling key.c...
compiling main.c...
compiling sram.c...
compiling ILI93xx.c...
compiling myiic.c...
compiling 24cxx.c...
compiling ctiic.c...
compiling spi.c...
compiling ft5206.c...
compiling ott2001a.c...
compiling gt9147.c...
compiling touch.c...
compiling timer.c...
compiling sdio_sdcard.c...
compiling w25qxx.c...
compiling beep.c...
compiling delay.c...
compiling sys.c...
compiling core_cm3.c...
compiling usart.c...
..\SYSTEM\usart\usart.c(51): warning:  #940-D: missing return statement at end of non-void function "_sys_exit"
  } 
..\SYSTEM\usart\usart.c: 1 warning, 0 errors
compiling mypage.c...
..\MYPAGE\mypage.c(228): warning:  #181-D: argument is incompatible with corresponding format string conversion
  						sscanf("¿ªÊ¼", "%s", &buttonString);
..\MYPAGE\mypage.c(233): warning:  #181-D: argument is incompatible with corresponding format string conversion
  						sscanf("??Í£", "%s", &buttonString);
..\MYPAGE\mypage.c: 2 warnings, 0 errors
assembling startup_stm32f10x_hd.s...
compiling misc.c...
compiling malloc.c...
compiling stm32f10x_crc.c...
compiling stm32f10x_fsmc.c...
compiling stm32f10x_gpio.c...
compiling stm32f10x_rcc.c...
compiling stm32f10x_spi.c...
compiling stm32f10x_usart.c...
compiling stm32f10x_tim.c...
compiling stm32f10x_sdio.c...
compiling stm32f10x_dma.c...
compiling bsp.c...
compiling lib_ascii.c...
compiling lib_math.c...
compiling lib_mem.c...
assembling lib_mem_a.asm...
compiling lib_str.c...
compiling os_cfg_app.c...
compiling os_dbg.c...
compiling os_core.c...
compiling os_flag.c...
compiling os_int.c...
compiling os_mem.c...
compiling os_msg.c...
compiling os_pend_multi.c...
compiling os_mutex.c...
compiling os_prio.c...
compiling os_q.c...
compiling os_sem.c...
compiling os_stat.c...
compiling os_task.c...
compiling os_tick.c...
compiling os_time.c...
compiling os_tmr.c...
compiling os_var.c...
compiling os_cpu_c.c...
assembling os_cpu_a.s...
compiling os_app_hooks.c...
compiling GUIConf.c...
compiling GUI_X_UCOSIII.c...
compiling GUIDRV_Template.c...
compiling GUI_X_Touch_Analog.c...
compiling cpu_core.c...
assembling cpu_a.asm...
compiling cpu_c.c...
compiling LCDConf_FlexColor_Template.c...
compiling GUI_FontHZ12.c...
compiling GUI_FontHZ16.c...
compiling GUI_FontHZ24.c...
compiling GUICharPEx.c...
compiling GUI_UC_EncodeNone.c...
..\EMWIN\STemWinHZ\GUI_UC_EncodeNone.c(118): warning:  #1-D: last line of file ends without a newline
  };
..\EMWIN\STemWinHZ\GUI_UC_EncodeNone.c: 1 warning, 0 errors
compiling ff.c...
compiling exfuns.c...
compiling diskio.c...
compiling fattester.c...
compiling mycc936.c...
compiling fontupd.c...
compiling bmpdisplay.c...
linking...
Program Size: Code=193738 RO-data=73670 RW-data=1972 ZI-data=932212  
FromELF: creating hex file...
"..\OBJ\MALLOC.axf" - 0 Error(s), 4 Warning(s).

<h2>Collection of Component include folders:</h2>
  C:\Users\Stxr\Desktop\FINAL\USER\RTE
  E:\Keil_v5\ARM\PACK\Keil\STM32F1xx_DFP\2.1.0\Device\Include

<h2>Collection of Component Files used:</h2>
Build Time Elapsed:  00:00:49
</pre>
</body>
</html>
